2025-07-31 17:42:03,292 - INFO - 读取输入文件: 待拉取的编码和时间戳.xlsx...
2025-07-31 17:42:04,934 - INFO - 找到 78 条记录，开始分组处理...
2025-07-31 17:42:04,941 - INFO - 已分为 1 个时间组
2025-07-31 17:42:04,941 - INFO - 时间组 [2025-07-01 15:00:00] 有 78 个采集点，分为 2 个批次处理
2025-07-31 17:42:04,941 - INFO -   处理批次 1/2 | 采集点数量: 50
2025-07-31 17:42:07,602 - WARNING -     采集点 'YZ-016-ZJ-63-231-0007#SN0005-ON' 无时间序列数据
2025-07-31 17:42:07,602 - WARNING -     采集点 'YZ-015-ZJ-62-230-0031#SN0002-ON' 无时间序列数据
2025-07-31 17:42:07,603 - WARNING -     采集点 'YZ-015-ZJ-61-227-0003#SN0003-ON' 无时间序列数据
2025-07-31 17:42:07,603 - WARNING -     采集点 'YZ-015-ZJ-62-230-0028#SN0001-ON' 无时间序列数据
2025-07-31 17:42:07,603 - WARNING -     采集点 'YZ-015-ZJ-61-223-0057#SN0001-ON' 无时间序列数据
2025-07-31 17:42:07,603 - WARNING -     采集点 'YZ-015-ZJ-61-228-0004#SN0004-ON' 无时间序列数据
2025-07-31 17:42:07,604 - WARNING -     采集点 'YZ-015-ZJ-60-211-0014#SN0001-ON' 无时间序列数据
2025-07-31 17:42:07,604 - WARNING -     采集点 'YZ-015-ZJ-63-231-0010#SN0001-ON' 无时间序列数据
2025-07-31 17:42:07,604 - WARNING -     采集点 'YZ-015-ZJ-61-220-0011#SN0003-ON' 无时间序列数据
2025-07-31 17:42:07,604 - WARNING -     采集点 'YZ-015-ZJ-61-223-0060#SN0001-ON' 无时间序列数据
2025-07-31 17:42:07,604 - WARNING -     采集点 'YZ-015-ZJ-61-222-0009#SN0001-ON' 无时间序列数据
2025-07-31 17:42:07,604 - WARNING -     采集点 'YZ-015-ZJ-62-230-0027#SN0002-ON' 无时间序列数据
2025-07-31 17:42:07,604 - WARNING -     采集点 'YZ-015-ZJ-60-209-0032#SN0001-ON' 无时间序列数据
2025-07-31 17:42:07,604 - WARNING -     采集点 'YZ-015-ZJ-62-230-0029#SN0002-ON' 无时间序列数据
2025-07-31 17:42:07,604 - WARNING -     采集点 'YZ-015-ZJ-61-250-0007#SN0001-ON' 无时间序列数据
2025-07-31 17:42:07,604 - WARNING -     采集点 'YZ-016-ZJ-61-228-0019#SN0004-ON' 无时间序列数据
2025-07-31 17:42:07,604 - WARNING -     采集点 'YZ-015-ZJ-62-230-0031#SN0001-ON' 无时间序列数据
2025-07-31 17:42:07,604 - WARNING -     采集点 'YZ-015-ZJ-61-250-0010#SN0001-ON' 无时间序列数据
2025-07-31 17:42:07,605 - WARNING -     采集点 'YZ-015-ZJ-61-223-0056#SN0001-ON' 无时间序列数据
2025-07-31 17:42:07,605 - WARNING -     采集点 'YZ-015-ZJ-61-227-0002#SN0003-ON' 无时间序列数据
2025-07-31 17:42:07,605 - WARNING -     采集点 'YZ-015-ZJ-61-228-0016#SN0004-ON' 无时间序列数据
2025-07-31 17:42:07,605 - WARNING -     采集点 'YZ-015-ZJ-61-223-0053#SN0001-ON' 无时间序列数据
2025-07-31 17:42:07,605 - WARNING -     采集点 'YZ-015-ZJ-61-227-0018#SN0003-ON' 无时间序列数据
2025-07-31 17:42:07,605 - WARNING -     采集点 'YZ-015-ZJ-61-220-0012#SN0003-ON' 无时间序列数据
2025-07-31 17:42:07,605 - WARNING -     采集点 'YZ-015-ZJ-61-222-0011#SN0001-ON' 无时间序列数据
2025-07-31 17:42:07,605 - WARNING -     采集点 'YZ-016-ZJ-60-214-0002#SN0001-ON' 无时间序列数据
2025-07-31 17:42:07,605 - WARNING -     采集点 'YZ-015-ZJ-61-220-0008#SN0003-ON' 无时间序列数据
2025-07-31 17:42:07,605 - WARNING -     采集点 'YZ-015-ZJ-60-210-0004#SN0003-ON' 无时间序列数据
2025-07-31 17:42:07,605 - WARNING -     采集点 'YZ-015-ZJ-62-230-0029#SN0001-ON' 无时间序列数据
2025-07-31 17:42:07,605 - WARNING -     采集点 'YZ-015-ZJ-61-223-0055#SN0001-ON' 无时间序列数据
2025-07-31 17:42:07,605 - WARNING -     采集点 'YZ-015-ZJ-61-223-0062#SN0001-ON' 无时间序列数据
2025-07-31 17:42:07,605 - WARNING -     采集点 'YZ-015-ZJ-61-228-0018#SN0004-ON' 无时间序列数据
2025-07-31 17:42:07,605 - WARNING -     采集点 'YZ-015-ZJ-61-227-0020#SN0003-ON' 无时间序列数据
2025-07-31 17:42:07,605 - WARNING -     采集点 'YZ-015-ZJ-60-209-0031#SN0001-ON' 无时间序列数据
2025-07-31 17:42:07,605 - WARNING -     采集点 'YZ-015-ZJ-62-230-0033#SN0002-ON' 无时间序列数据
2025-07-31 17:42:07,605 - WARNING -     采集点 'YZ-015-ZJ-61-227-0017#SN0003-ON' 无时间序列数据
2025-07-31 17:42:07,605 - WARNING -     采集点 'YZ-015-ZJ-61-227-0001#SN0003-ON' 无时间序列数据
2025-07-31 17:42:07,605 - WARNING -     采集点 'YZ-015-ZJ-61-228-0002#SN0004-ON' 无时间序列数据
2025-07-31 17:42:07,606 - WARNING -     采集点 'YZ-016-ZJ-60-214-0006#SN0001-ON' 无时间序列数据
2025-07-31 17:42:07,606 - WARNING -     采集点 'YZ-015-ZJ-61-220-0007#SN0003-ON' 无时间序列数据
2025-07-31 17:42:07,606 - WARNING -     采集点 'YZ-015-ZJ-61-227-0019#SN0003-ON' 无时间序列数据
2025-07-31 17:42:07,606 - WARNING -     采集点 'YZ-015-ZJ-61-223-0054#SN0001-ON' 无时间序列数据
2025-07-31 17:42:07,606 - WARNING -     采集点 'YZ-015-ZJ-61-227-0004#SN0003-ON' 无时间序列数据
2025-07-31 17:42:07,606 - WARNING -     采集点 'YZ-015-ZJ-60-250-0021#SN0001-ON' 无时间序列数据
2025-07-31 17:42:07,606 - WARNING -     采集点 'YZ-015-ZJ-60-209-0030#SN0001-ON' 无时间序列数据
2025-07-31 17:42:07,606 - WARNING -     采集点 'YZ-015-ZJ-62-230-0028#SN0002-ON' 无时间序列数据
2025-07-31 17:42:07,606 - WARNING -     采集点 'YZ-015-ZJ-64-250-0009#SN0001-ON' 无时间序列数据
2025-07-31 17:42:07,607 - WARNING -     采集点 'YZ-015-ZJ-60-215-0015#SN0001-ON' 无时间序列数据
2025-07-31 17:42:07,607 - WARNING -     采集点 'YZ-015-ZJ-62-230-0027#SN0001-ON' 无时间序列数据
2025-07-31 17:42:07,607 - WARNING -     采集点 'YZ-015-ZJ-61-223-0058#SN0001-ON' 无时间序列数据
2025-07-31 17:42:07,607 - INFO -     成功处理: 0个采集点, 获取: 0条数据点
2025-07-31 17:42:07,607 - INFO -   处理批次 2/2 | 采集点数量: 28
2025-07-31 17:42:08,563 - WARNING -     采集点 'YZ-015-ZJ-61-228-0014#SN0004-ON' 无时间序列数据
2025-07-31 17:42:08,564 - WARNING -     采集点 'YZ-002-DC-56-192-0008#SN0001-ON' 无时间序列数据
2025-07-31 17:42:08,564 - WARNING -     采集点 'YZ-015-ZJ-61-250-0027#SN0001-ON' 无时间序列数据
2025-07-31 17:42:08,564 - WARNING -     采集点 'YZ-015-ZJ-64-239-0012#SN0001-ON' 无时间序列数据
2025-07-31 17:42:08,564 - WARNING -     采集点 'YZ-015-ZJ-61-226-0018#SN0001-ON' 无时间序列数据
2025-07-31 17:42:08,564 - WARNING -     采集点 'YZ-015-ZJ-60-212-0011#SN0001-ON' 无时间序列数据
2025-07-31 17:42:08,564 - WARNING -     采集点 'YZ-015-ZJ-61-250-0030#SN0001-ON' 无时间序列数据
2025-07-31 17:42:08,564 - WARNING -     采集点 'YZ-015-ZJ-61-221-0013#SN0001-ON' 无时间序列数据
2025-07-31 17:42:08,564 - WARNING -     采集点 'YZ-002-DC-51-172-0016#SN0003-ON' 无时间序列数据
2025-07-31 17:42:08,564 - WARNING -     采集点 'YZ-015-ZJ-61-226-0028#SN0001-ON' 无时间序列数据
2025-07-31 17:42:08,564 - WARNING -     采集点 'YZ-015-ZJ-63-235-0009#SN0001-ON' 无时间序列数据
2025-07-31 17:42:08,564 - WARNING -     采集点 'YZ-015-ZJ-61-250-0028#SN0001-ON' 无时间序列数据
2025-07-31 17:42:08,564 - WARNING -     采集点 'YZ-015-ZJ-61-226-0017#SN0001-ON' 无时间序列数据
2025-07-31 17:42:08,564 - WARNING -     采集点 'YZ-002-DC-51-172-0009#SN0002-ON' 无时间序列数据
2025-07-31 17:42:08,564 - WARNING -     采集点 'YZ-002-DC-56-195-0034#SN0002-ON' 无时间序列数据
2025-07-31 17:42:08,564 - WARNING -     采集点 'YZ-015-ZJ-60-214-0014#SN0001-ON' 无时间序列数据
2025-07-31 17:42:08,564 - WARNING -     采集点 'YZ-015-ZJ-61-221-0015#SN0001-ON' 无时间序列数据
2025-07-31 17:42:08,564 - WARNING -     采集点 'YZ-015-ZJ-61-229-0011#SN0001-ON' 无时间序列数据
2025-07-31 17:42:08,564 - WARNING -     采集点 'YZ-002-DC-51-172-0007#SN0002-ON' 无时间序列数据
2025-07-31 17:42:08,565 - WARNING -     采集点 'YZ-015-ZJ-60-250-0013#SN0001-ON' 无时间序列数据
2025-07-31 17:42:08,565 - WARNING -     采集点 'YZ-015-ZJ-61-226-0025#SN0001-ON' 无时间序列数据
2025-07-31 17:42:08,565 - WARNING -     采集点 'YZ-015-ZJ-61-250-0013#SN0001-ON' 无时间序列数据
2025-07-31 17:42:08,565 - WARNING -     采集点 'YZ-015-ZJ-60-217-0011#SN0003-ON' 无时间序列数据
2025-07-31 17:42:08,565 - WARNING -     采集点 'YZ-002-DC-53-175-0036#SN0002-ON' 无时间序列数据
2025-07-31 17:42:08,565 - WARNING -     采集点 'YZ-015-ZJ-61-228-0011#SN0004-ON' 无时间序列数据
2025-07-31 17:42:08,565 - WARNING -     采集点 'YZ-015-ZJ-61-221-0014#SN0001-ON' 无时间序列数据
2025-07-31 17:42:08,565 - WARNING -     采集点 'YZ-015-ZJ-60-217-0008#SN0003-ON' 无时间序列数据
2025-07-31 17:42:08,565 - WARNING -     采集点 'YZ-015-ZJ-61-229-0012#SN0001-ON' 无时间序列数据
2025-07-31 17:42:08,565 - INFO -     成功处理: 0个采集点, 获取: 0条数据点
2025-07-31 17:42:08,565 - WARNING - 
警告: 未获取到有效数据
